15:23:45 **** Incremental Build of configuration Debug for project lab1_unit7_lesson1 ****
make -j4 all 
arm-none-eabi-gcc -gdwarf-2 -mcpu=cortex-m3 -g3 -c -x assembler-with-cpp -MMD -MP -MF"Startup/startup_stm32f103c6tx.d" -MT"Startup/startup_stm32f103c6tx.o" --specs=nano.specs -mfloat-abi=soft -mthumb -o "Startup/startup_stm32f103c6tx.o" "../Startup/startup_stm32f103c6tx.s"
arm-none-eabi-gcc -gdwarf-2 "../Src/main.c" -mcpu=cortex-m3 -std=gnu11 -g3 -DSTM32 -DSTM32F1 -DSTM32F103C6Tx -DDEBUG -c -I../Inc -O0 -ffunction-sections -fdata-sections -Wall -fstack-usage -MMD -MP -MF"Src/main.d" -MT"Src/main.o" --specs=nano.specs -mfloat-abi=soft -mthumb -o "Src/main.o"
arm-none-eabi-gcc -gdwarf-2 "../Src/syscalls.c" -mcpu=cortex-m3 -std=gnu11 -g3 -DSTM32 -DSTM32F1 -DSTM32F103C6Tx -DDEBUG -c -I../Inc -O0 -ffunction-sections -fdata-sections -Wall -fstack-usage -MMD -MP -MF"Src/syscalls.d" -MT"Src/syscalls.o" --specs=nano.specs -mfloat-abi=soft -mthumb -o "Src/syscalls.o"
arm-none-eabi-gcc -gdwarf-2 "../Src/sysmem.c" -mcpu=cortex-m3 -std=gnu11 -g3 -DSTM32 -DSTM32F1 -DSTM32F103C6Tx -DDEBUG -c -I../Inc -O0 -ffunction-sections -fdata-sections -Wall -fstack-usage -MMD -MP -MF"Src/sysmem.d" -MT"Src/sysmem.o" --specs=nano.specs -mfloat-abi=soft -mthumb -o "Src/sysmem.o"
arm-none-eabi-gcc -gdwarf-2 -o "lab1_unit7_lesson1.elf" @"objects.list"   -mcpu=cortex-m3 -T"D:\mastering embedded diploama\mcu\unit7\lesson1_unit7_lab1stm\lab1_unit7_lesson1\STM32F103C6TX_FLASH.ld" --specs=nosys.specs -Wl,-Map="lab1_unit7_lesson1.map" -Wl,--gc-sections -static --specs=nano.specs -mfloat-abi=soft -mthumb -Wl,--start-group -lc -lm -Wl,--end-group
Finished building target: lab1_unit7_lesson1.elf
 
arm-none-eabi-objdump -h -S  lab1_unit7_lesson1.elf  > "lab1_unit7_lesson1.list"
arm-none-eabi-objcopy  -O binary  lab1_unit7_lesson1.elf  "lab1_unit7_lesson1.bin"
arm-none-eabi-size   lab1_unit7_lesson1.elf 
   text	   data	    bss	    dec	    hex	filename
    848	      8	   1568	   2424	    978	lab1_unit7_lesson1.elf
Finished building: default.size.stdout
 
Finished building: lab1_unit7_lesson1.list
Finished building: lab1_unit7_lesson1.bin
 
 

15:23:46 Build Finished. 0 errors, 0 warnings. (took 1s.369ms)

