stm32f103c6_EXTI.c:30:6:Enable_NVIC	16	static
stm32f103c6_EXTI.c:69:6:disable_NVIC	16	static
stm32f103c6_EXTI.c:107:6:UPDATE_EXTI	24	static
stm32f103c6_EXTI.c:173:6:MCAL_EXTI_GPIO_DEInit	4	static
stm32f103c6_EXTI.c:201:6:MCAL_EXTI_GPIO_Init	16	static
stm32f103c6_EXTI.c:216:6:MCAL_EXTI_GPIO_Update	16	static
stm32f103c6_EXTI.c:223:6:EXTI0_IRQHandler	8	static
stm32f103c6_EXTI.c:229:6:EXTI1_IRQHandler	8	static
stm32f103c6_EXTI.c:235:6:EXTI2_IRQHandler	8	static
stm32f103c6_EXTI.c:241:6:EXTI3_IRQHandler	8	static
stm32f103c6_EXTI.c:247:6:EXTI4_IRQHandler	8	static
stm32f103c6_EXTI.c:253:6:EXTI9_5_IRQHandler	8	static
stm32f103c6_EXTI.c:260:6:EXTI15_10_IRQHandler	8	static
