
Allocating common symbols
Common symbol       size              file

alarm_driver_state_id
                    0x1               alarm_driver.o
pressure_state      0x4               pressure_sensor.o
main_algo_state_id  0x1               main.o
palarm_driver       0x4               alarm_driver.o
pressure_sensor_state_id
                    0x1               main.o
alarm_monitor_state_id
                    0x1               alarm_moinitor.o

Memory Configuration

Name             Origin             Length             Attributes
flash            0x08000000         0x00020000         xr
sram             0x20000000         0x00005000         xrw
*default*        0x00000000         0xffffffff

Linker script and memory map


.text           0x08000000      0x454
 *(.vectors*)
 .vectors       0x08000000       0x50 startup.o
 *(.text*)
 .text          0x08000050       0x88 alarm_driver.o
                0x08000050                alarm_init
                0x0800006c                start_alarm
                0x0800007c                stop_alarm
                0x0800008c                ST_alarm_driver_waiting
                0x080000a0                ST_alarm_driver_on
                0x080000bc                ST_alarm_driver_off
 .text          0x080000d8       0xb8 alarm_moinitor.o
                0x080000d8                ST_alarm_off
                0x080000f0                ST_alarm_on
                0x0800011c                ST_alarm_waiting
                0x08000150                high_pressure_detected
 .text          0x08000190      0x10c driver.o
                0x08000190                Delay
                0x080001b4                getPressureVal
                0x080001cc                set_alarm_actuator
                0x0800021c                GPIO_INITILAIZATION
 .text          0x0800029c       0x58 main.o
                0x0800029c                setup
                0x080002b0                main
 .text          0x080002f4       0xc0 main_algo.o
                0x080002f4                ST_high_pressure_dedect
                0x08000328                ST_idle
                0x08000350                set_pressure_val
 .text          0x080003b4       0x98 pressure_sensor.o
                0x080003b4                pressure_init
                0x080003d0                ST_pressure_waiting
                0x08000404                ST_pressure_reading
 .text          0x0800044c        0x8 startup.o
 *(.rodata)

.glue_7         0x08000454        0x0
 .glue_7        0x00000000        0x0 linker stubs

.glue_7t        0x08000454        0x0
 .glue_7t       0x00000000        0x0 linker stubs

.vfp11_veneer   0x08000454        0x0
 .vfp11_veneer  0x00000000        0x0 linker stubs

.v4_bx          0x08000454        0x0
 .v4_bx         0x00000000        0x0 linker stubs

.iplt           0x08000454        0x0
 .iplt          0x00000000        0x0 alarm_driver.o

.rel.dyn        0x08000454        0x0
 .rel.iplt      0x00000000        0x0 alarm_driver.o

.data           0x08000454        0xc
 *(.data)
 .data          0x08000454        0x0 alarm_driver.o
 .data          0x08000454        0x4 alarm_moinitor.o
                0x08000454                pMoinitor_alarm
 .data          0x08000458        0x0 driver.o
 .data          0x08000458        0x0 main.o
 .data          0x08000458        0x8 main_algo.o
                0x08000458                threshold
                0x0800045c                pmain_algo
 .data          0x08000460        0x0 pressure_sensor.o
 .data          0x08000460        0x0 startup.o

.igot.plt       0x08000460        0x0
 .igot.plt      0x00000000        0x0 alarm_driver.o

.bss            0x20000000       0x18
 *(.bss)
 .bss           0x20000000        0x0 alarm_driver.o
 .bss           0x20000000        0x0 alarm_moinitor.o
 .bss           0x20000000        0x0 driver.o
 .bss           0x20000000        0x0 main.o
 .bss           0x20000000        0x4 main_algo.o
                0x20000000                pVAL
 .bss           0x20000004        0x4 pressure_sensor.o
                0x20000004                pressure_val
 .bss           0x20000008        0x0 startup.o
 COMMON         0x20000008        0x8 alarm_driver.o
                0x20000008                alarm_driver_state_id
                0x2000000c                palarm_driver
 COMMON         0x20000010        0x1 alarm_moinitor.o
                0x20000010                alarm_monitor_state_id
 COMMON         0x20000011        0x2 main.o
                0x20000011                main_algo_state_id
                0x20000012                pressure_sensor_state_id
 *fill*         0x20000013        0x1 
 COMMON         0x20000014        0x4 pressure_sensor.o
                0x20000014                pressure_state
LOAD alarm_driver.o
LOAD alarm_moinitor.o
LOAD driver.o
LOAD main.o
LOAD main_algo.o
LOAD pressure_sensor.o
LOAD startup.o
OUTPUT(first_term_project1.elf elf32-littlearm)

.debug_info     0x00000000      0x7e6
 .debug_info    0x00000000      0x148 alarm_driver.o
 .debug_info    0x00000148      0x130 alarm_moinitor.o
 .debug_info    0x00000278      0x103 driver.o
 .debug_info    0x0000037b      0x1a2 main.o
 .debug_info    0x0000051d      0x13b main_algo.o
 .debug_info    0x00000658      0x111 pressure_sensor.o
 .debug_info    0x00000769       0x7d startup.o

.debug_abbrev   0x00000000      0x3d3
 .debug_abbrev  0x00000000       0x94 alarm_driver.o
 .debug_abbrev  0x00000094       0xa7 alarm_moinitor.o
 .debug_abbrev  0x0000013b       0x9d driver.o
 .debug_abbrev  0x000001d8       0xae main.o
 .debug_abbrev  0x00000286       0xa7 main_algo.o
 .debug_abbrev  0x0000032d       0x92 pressure_sensor.o
 .debug_abbrev  0x000003bf       0x14 startup.o

.debug_loc      0x00000000      0x3f8
 .debug_loc     0x00000000      0x108 alarm_driver.o
 .debug_loc     0x00000108       0xbc alarm_moinitor.o
 .debug_loc     0x000001c4       0xc8 driver.o
 .debug_loc     0x0000028c       0x58 main.o
 .debug_loc     0x000002e4       0x90 main_algo.o
 .debug_loc     0x00000374       0x84 pressure_sensor.o

.debug_aranges  0x00000000       0xe0
 .debug_aranges
                0x00000000       0x20 alarm_driver.o
 .debug_aranges
                0x00000020       0x20 alarm_moinitor.o
 .debug_aranges
                0x00000040       0x20 driver.o
 .debug_aranges
                0x00000060       0x20 main.o
 .debug_aranges
                0x00000080       0x20 main_algo.o
 .debug_aranges
                0x000000a0       0x20 pressure_sensor.o
 .debug_aranges
                0x000000c0       0x20 startup.o

.debug_line     0x00000000      0x304
 .debug_line    0x00000000       0x63 alarm_driver.o
 .debug_line    0x00000063       0x66 alarm_moinitor.o
 .debug_line    0x000000c9       0x9e driver.o
 .debug_line    0x00000167       0xa4 main.o
 .debug_line    0x0000020b       0x5b main_algo.o
 .debug_line    0x00000266       0x63 pressure_sensor.o
 .debug_line    0x000002c9       0x3b startup.o

.debug_str      0x00000000      0x33e
 .debug_str     0x00000000      0x144 alarm_driver.o
                                0x1b3 (size before relaxing)
 .debug_str     0x00000144       0xb5 alarm_moinitor.o
                                0x19e (size before relaxing)
 .debug_str     0x000001f9       0x4c driver.o
                                0x13e (size before relaxing)
 .debug_str     0x00000245       0x58 main.o
                                0x23a (size before relaxing)
 .debug_str     0x0000029d       0x59 main_algo.o
                                0x17a (size before relaxing)
 .debug_str     0x000002f6       0x48 pressure_sensor.o
                                0x188 (size before relaxing)

.comment        0x00000000       0x11
 .comment       0x00000000       0x11 alarm_driver.o
                                 0x12 (size before relaxing)
 .comment       0x00000000       0x12 alarm_moinitor.o
 .comment       0x00000000       0x12 driver.o
 .comment       0x00000000       0x12 main.o
 .comment       0x00000000       0x12 main_algo.o
 .comment       0x00000000       0x12 pressure_sensor.o

.ARM.attributes
                0x00000000       0x31
 .ARM.attributes
                0x00000000       0x33 alarm_driver.o
 .ARM.attributes
                0x00000033       0x33 alarm_moinitor.o
 .ARM.attributes
                0x00000066       0x33 driver.o
 .ARM.attributes
                0x00000099       0x33 main.o
 .ARM.attributes
                0x000000cc       0x33 main_algo.o
 .ARM.attributes
                0x000000ff       0x33 pressure_sensor.o
 .ARM.attributes
                0x00000132       0x21 startup.o

.debug_frame    0x00000000      0x2b8
 .debug_frame   0x00000000       0xb4 alarm_driver.o
 .debug_frame   0x000000b4       0x80 alarm_moinitor.o
 .debug_frame   0x00000134       0x78 driver.o
 .debug_frame   0x000001ac       0x48 main.o
 .debug_frame   0x000001f4       0x64 main_algo.o
 .debug_frame   0x00000258       0x60 pressure_sensor.o
